// Jest Snapshot v1, https://goo.gl/fbAQLP

exports[`matches snapshot 1`] = `
<DocumentFragment>
  <div
    class="app-component"
  >
    <div
      class="main-component"
    />
  </div>
</DocumentFragment>
`;
